Build started 12.04.2026 17:24:15.
     1>Project "D:\MyProject\FQW\Eco.Toolchain\Eco.Framework\Eco.BLA1\AssemblyFiles\Windows\VS_v100\EcoBLA1.vcxproj" on node 2 (rebuild target(s)).
     1>_PrepareForClean:
         Deleting file "EcoBLA1\StaticDebug\EcoBLA1.lastbuildstate".
       InitializeBuildStatus:
         Creating "EcoBLA1\StaticDebug\EcoBLA1.unsuccessfulbuild" because "AlwaysCreate" was specified.
       ClCompile:
         D:\Program Files (x86)\Microsoft Visual Studio 10.0\VC\bin\CL.exe /c /I..\..\..\HeaderFiles /I..\..\..\SharedFiles /ID:\Downloads\Eco.Framework\Eco.String1\SharedFiles /ID:\Downloads\Eco.Framework\Eco.BNF1\SharedFiles /ID:\Downloads\Eco.Framework\Eco.FSM1\SharedFiles /ID:\Downloads\Eco.Framework\Eco.BRE1\SharedFiles /ID:\Downloads\Eco.Framework\Eco.List1\SharedFiles /ID:\Downloads\Eco.Framework\Eco.Log1\SharedFiles /ID:\Downloads\Eco.Framework\Eco.Data1\SharedFiles /ID:\Downloads\Eco.Framework\Eco.DateTime1\SharedFiles /ID:\Downloads\Eco.Framework\Eco.Core1\SharedFiles /ID:\Downloads\Eco.Framework\Eco.InterfaceBus1\SharedFiles /ID:\Downloads\Eco.Framework\Eco.System1\SharedFiles /ID:\Downloads\Eco.Framework\Eco.MemoryManager1\SharedFiles /ID:\Downloads\Eco.Framework\Eco.FileSystemManagement1\SharedFiles /ID:\Downloads\Eco.Framework\Eco.BinaryTree1\SharedFiles /ZI /nologo /W3 /WX- /Od /Oy- /D WIN32 /D _DEBUG /D _WINDOWS /D ECO_WINDOWS /D ECO_WIN32 /D ECO_X86_32 /D UGUID_UTILITY /D ECO_LIB /D _UNICODE /D UNICODE /Gm /EHsc /RTC1 /MTd /GS /fp:precise /Zc:wchar_t /Zc:forScope /Fo"EcoBLA1\StaticDebug\\" /Fd"EcoBLA1\StaticDebug\vc100.pdb" /Gz /TC /analyze- /errorReport:prompt ..\..\..\SourceFiles\CEcoBLA1.c ..\..\..\SourceFiles\CEcoBLA1Factory.c ..\..\..\SourceFiles\CEcoBLA1Scanner.c ..\..\..\SourceFiles\CEcoBLA1Token.c ..\..\..\SourceFiles\CEcoBLD1.c ..\..\..\SourceFiles\CEcoBLR1BNF.c ..\..\..\SourceFiles\CEcoBLR1Direct.c ..\..\..\SourceFiles\CEcoBLR1FSM.c ..\..\..\SourceFiles\CEcoBLR1RE.c
         CEcoBLR1RE.c
     1>d:\myproject\fqw\eco.toolchain\eco.framework\eco.bla1\sourcefiles\cecoblr1re.c(276): warning C4996: 'strcpy': This function or variable may be unsafe. Consider using strcpy_s instead. To disable deprecation, use _CRT_SECURE_NO_WARNINGS. See online help for details.
                 d:\program files (x86)\microsoft visual studio 10.0\vc\include\string.h(105) : see declaration of 'strcpy'
     1>d:\myproject\fqw\eco.toolchain\eco.framework\eco.bla1\sourcefiles\cecoblr1re.c(281): warning C4996: 'strcpy': This function or variable may be unsafe. Consider using strcpy_s instead. To disable deprecation, use _CRT_SECURE_NO_WARNINGS. See online help for details.
                 d:\program files (x86)\microsoft visual studio 10.0\vc\include\string.h(105) : see declaration of 'strcpy'
     1>d:\myproject\fqw\eco.toolchain\eco.framework\eco.bla1\sourcefiles\cecoblr1re.c(324): warning C4996: 'strcpy': This function or variable may be unsafe. Consider using strcpy_s instead. To disable deprecation, use _CRT_SECURE_NO_WARNINGS. See online help for details.
                 d:\program files (x86)\microsoft visual studio 10.0\vc\include\string.h(105) : see declaration of 'strcpy'
     1>d:\myproject\fqw\eco.toolchain\eco.framework\eco.bla1\sourcefiles\cecoblr1re.c(799): warning C4566: character represented by universal-character-name '\u03B5' cannot be represented in the current code page (1251)
     1>d:\myproject\fqw\eco.toolchain\eco.framework\eco.bla1\sourcefiles\cecoblr1re.c(829): warning C4996: 'sprintf': This function or variable may be unsafe. Consider using sprintf_s instead. To disable deprecation, use _CRT_SECURE_NO_WARNINGS. See online help for details.
                 d:\program files (x86)\microsoft visual studio 10.0\vc\include\stdio.h(371) : see declaration of 'sprintf'
     1>d:\myproject\fqw\eco.toolchain\eco.framework\eco.bla1\sourcefiles\cecoblr1re.c(888): warning C4996: 'sscanf': This function or variable may be unsafe. Consider using sscanf_s instead. To disable deprecation, use _CRT_SECURE_NO_WARNINGS. See online help for details.
                 d:\program files (x86)\microsoft visual studio 10.0\vc\include\stdio.h(325) : see declaration of 'sscanf'
         CEcoBLR1FSM.c
         CEcoBLR1Direct.c
         CEcoBLR1BNF.c
         CEcoBLD1.c
         CEcoBLA1Token.c
         CEcoBLA1Scanner.c
         CEcoBLA1Factory.c
         CEcoBLA1.c
         Generating Code...
     1>C:\Program Files (x86)\MSBuild\Microsoft.Cpp\v4.0\Microsoft.CppBuild.targets(1151,5): warning MSB8012: TargetPath(D:\MyProject\FQW\Eco.Toolchain\Eco.Framework\Eco.BLA1\AssemblyFiles\Windows\VS_v100\EcoBLA1\StaticDebug\88DD94592E7C48BAB381EAA0F82A88F6.lib) does not match the Library's OutputFile property value (D:\MyProject\FQW\Eco.Toolchain\Eco.Framework\Eco.BLA1\BuildFiles\Windows\x86\StaticDebug\88DD94592E7C48BAB381EAA0F82A88F6.lib). This may cause your project to build incorrectly. To correct this, please make sure that $(OutDir), $(TargetName) and $(TargetExt) property values match the value specified in %(Lib.OutputFile).
       Lib:
         D:\Program Files (x86)\Microsoft Visual Studio 10.0\VC\bin\Lib.exe /OUT:"..\..\..\BuildFiles\Windows\x86\StaticDebug\88DD94592E7C48BAB381EAA0F82A88F6.lib" /NOLOGO /LTCG EcoBLA1\StaticDebug\CEcoBLA1.obj
         EcoBLA1\StaticDebug\CEcoBLA1Factory.obj
         EcoBLA1\StaticDebug\CEcoBLA1Scanner.obj
         EcoBLA1\StaticDebug\CEcoBLA1Token.obj
         EcoBLA1\StaticDebug\CEcoBLD1.obj
         EcoBLA1\StaticDebug\CEcoBLR1BNF.obj
         EcoBLA1\StaticDebug\CEcoBLR1Direct.obj
         EcoBLA1\StaticDebug\CEcoBLR1FSM.obj
         EcoBLA1\StaticDebug\CEcoBLR1RE.obj
         EcoBLA1.vcxproj -> D:\MyProject\FQW\Eco.Toolchain\Eco.Framework\Eco.BLA1\AssemblyFiles\Windows\VS_v100\EcoBLA1\StaticDebug\88DD94592E7C48BAB381EAA0F82A88F6.lib
       FinalizeBuildStatus:
         Deleting file "EcoBLA1\StaticDebug\EcoBLA1.unsuccessfulbuild".
         Touching "EcoBLA1\StaticDebug\EcoBLA1.lastbuildstate".
     1>Done Building Project "D:\MyProject\FQW\Eco.Toolchain\Eco.Framework\Eco.BLA1\AssemblyFiles\Windows\VS_v100\EcoBLA1.vcxproj" (rebuild target(s)).

Build succeeded.

Time Elapsed 00:00:01.44
