D:\MYPROJECT\FQW\ECO.TOOLCHAIN\ECO.FRAMEWORK\ECO.BLA1\ASSEMBLYFILES\WINDOWS\VS_V100\ECOBLA1\DYNAMICDEBUG\88DD94592E7C48BAB381EAA0F82A88F6.DLL.INTERMEDIATE.MANIFEST
D:\MyProject\FQW\Eco.Toolchain\Eco.Framework\Eco.BLA1\AssemblyFiles\Windows\VS_v100\EcoBLA1\DynamicDebug\88DD94592E7C48BAB381EAA0F82A88F6.exp
D:\MyProject\FQW\Eco.Toolchain\Eco.Framework\Eco.BLA1\AssemblyFiles\Windows\VS_v100\EcoBLA1\DynamicDebug\88DD94592E7C48BAB381EAA0F82A88F6.lib
D:\MYPROJECT\FQW\ECO.TOOLCHAIN\ECO.FRAMEWORK\ECO.BLA1\ASSEMBLYFILES\WINDOWS\VS_V100\ECOBLA1\DYNAMICDEBUG\88DD94592E7C48BAB381EAA0F82A88F6.PDB
D:\MYPROJECT\FQW\ECO.TOOLCHAIN\ECO.FRAMEWORK\ECO.BLA1\ASSEMBLYFILES\WINDOWS\VS_V100\ECOBLA1\DYNAMICDEBUG\CECOBLA1.OBJ
D:\MYPROJECT\FQW\ECO.TOOLCHAIN\ECO.FRAMEWORK\ECO.BLA1\ASSEMBLYFILES\WINDOWS\VS_V100\ECOBLA1\DYNAMICDEBUG\CECOBLA1FACTORY.OBJ
D:\MYPROJECT\FQW\ECO.TOOLCHAIN\ECO.FRAMEWORK\ECO.BLA1\ASSEMBLYFILES\WINDOWS\VS_V100\ECOBLA1\DYNAMICDEBUG\CECOBLA1SCANNER.OBJ
D:\MYPROJECT\FQW\ECO.TOOLCHAIN\ECO.FRAMEWORK\ECO.BLA1\ASSEMBLYFILES\WINDOWS\VS_V100\ECOBLA1\DYNAMICDEBUG\CECOBLA1TOKEN.OBJ
D:\MYPROJECT\FQW\ECO.TOOLCHAIN\ECO.FRAMEWORK\ECO.BLA1\ASSEMBLYFILES\WINDOWS\VS_V100\ECOBLA1\DYNAMICDEBUG\CECOBLD1.OBJ
D:\MYPROJECT\FQW\ECO.TOOLCHAIN\ECO.FRAMEWORK\ECO.BLA1\ASSEMBLYFILES\WINDOWS\VS_V100\ECOBLA1\DYNAMICDEBUG\CECOBLR1BNF.OBJ
D:\MYPROJECT\FQW\ECO.TOOLCHAIN\ECO.FRAMEWORK\ECO.BLA1\ASSEMBLYFILES\WINDOWS\VS_V100\ECOBLA1\DYNAMICDEBUG\CECOBLR1DIRECT.OBJ
D:\MYPROJECT\FQW\ECO.TOOLCHAIN\ECO.FRAMEWORK\ECO.BLA1\ASSEMBLYFILES\WINDOWS\VS_V100\ECOBLA1\DYNAMICDEBUG\CECOBLR1FSM.OBJ
D:\MYPROJECT\FQW\ECO.TOOLCHAIN\ECO.FRAMEWORK\ECO.BLA1\ASSEMBLYFILES\WINDOWS\VS_V100\ECOBLA1\DYNAMICDEBUG\CECOBLR1RE.OBJ
D:\MyProject\FQW\Eco.Toolchain\Eco.Framework\Eco.BLA1\AssemblyFiles\Windows\VS_v100\EcoBLA1\DynamicDebug\cl.command.1.tlog
D:\MyProject\FQW\Eco.Toolchain\Eco.Framework\Eco.BLA1\AssemblyFiles\Windows\VS_v100\EcoBLA1\DynamicDebug\CL.read.1.tlog
D:\MyProject\FQW\Eco.Toolchain\Eco.Framework\Eco.BLA1\AssemblyFiles\Windows\VS_v100\EcoBLA1\DynamicDebug\CL.write.1.tlog
D:\MyProject\FQW\Eco.Toolchain\Eco.Framework\Eco.BLA1\AssemblyFiles\Windows\VS_v100\EcoBLA1\DynamicDebug\EcoBLA1.write.1.tlog
D:\MyProject\FQW\Eco.Toolchain\Eco.Framework\Eco.BLA1\AssemblyFiles\Windows\VS_v100\EcoBLA1\DynamicDebug\link.command.1.tlog
D:\MyProject\FQW\Eco.Toolchain\Eco.Framework\Eco.BLA1\AssemblyFiles\Windows\VS_v100\EcoBLA1\DynamicDebug\link.read.1.tlog
D:\MyProject\FQW\Eco.Toolchain\Eco.Framework\Eco.BLA1\AssemblyFiles\Windows\VS_v100\EcoBLA1\DynamicDebug\link.write.1.tlog
D:\MyProject\FQW\Eco.Toolchain\Eco.Framework\Eco.BLA1\AssemblyFiles\Windows\VS_v100\EcoBLA1\DynamicDebug\mt.command.1.tlog
D:\MyProject\FQW\Eco.Toolchain\Eco.Framework\Eco.BLA1\AssemblyFiles\Windows\VS_v100\EcoBLA1\DynamicDebug\mt.read.1.tlog
D:\MyProject\FQW\Eco.Toolchain\Eco.Framework\Eco.BLA1\AssemblyFiles\Windows\VS_v100\EcoBLA1\DynamicDebug\mt.write.1.tlog
D:\MyProject\FQW\Eco.Toolchain\Eco.Framework\Eco.BLA1\AssemblyFiles\Windows\VS_v100\EcoBLA1\DynamicDebug\vc100.idb
D:\MYPROJECT\FQW\ECO.TOOLCHAIN\ECO.FRAMEWORK\ECO.BLA1\ASSEMBLYFILES\WINDOWS\VS_V100\ECOBLA1\DYNAMICDEBUG\VC100.PDB
D:\MYPROJECT\FQW\ECO.TOOLCHAIN\ECO.FRAMEWORK\ECO.BLA1\BUILDFILES\WINDOWS\X86\DYNAMICDEBUG\88DD94592E7C48BAB381EAA0F82A88F6.DLL
