Build started 20.05.2026 17:38:24.
     1>Project "D:\MyProject\FQW\Eco.Toolchain\Eco.Framework\Eco.IDL1\AssemblyFiles\Windows\VS_v100\EcoIDL1.vcxproj" on node 6 (rebuild target(s)).
     1>_PrepareForClean:
         Deleting file "EcoIDL1\StaticDebug\EcoIDL1.lastbuildstate".
       InitializeBuildStatus:
         Creating "EcoIDL1\StaticDebug\EcoIDL1.unsuccessfulbuild" because "AlwaysCreate" was specified.
       ClCompile:
         D:\Program Files (x86)\Microsoft Visual Studio 10.0\VC\bin\CL.exe /c /I..\..\..\HeaderFiles /I..\..\..\SharedFiles /I..\..\..\..\Eco.IDL1.C\SharedFiles /I..\..\..\..\Eco.IDL1.CPP\SharedFiles /I..\..\..\..\Eco.IDL1.Java\SharedFiles /I..\..\..\..\Eco.IDL1.Python\SharedFiles /ID:\Downloads\Eco.Framework\Eco.Core1\SharedFiles /ID:\Downloads\Eco.Framework\Eco.InterfaceBus1\SharedFiles /ID:\Downloads\Eco.Framework\Eco.System1\SharedFiles /ID:\Downloads\Eco.Framework\Eco.MemoryManager1\SharedFiles /ID:\Downloads\Eco.Framework\Eco.FileSystemManagement1\SharedFiles /ID:\Downloads\Eco.Framework\Eco.Dictionary1\SharedFiles /ID:\Downloads\Eco.Framework\Eco.BNF1\SharedFiles /ID:\Downloads\Eco.Framework\Eco.FLD1\SharedFiles /ID:\Downloads\Eco.Framework\Eco.PDA1\SharedFiles /ID:\Downloads\Eco.Framework\Eco.FSM1\SharedFiles /ID:\Downloads\Eco.Framework\Eco.BRE1\SharedFiles /ID:\Downloads\Eco.Framework\Eco.AST1\SharedFiles /ID:\Downloads\Eco.Framework\Eco.LR1\SharedFiles /ID:\Downloads\Eco.Framework\Eco.BSA1\SharedFiles /ID:\Downloads\Eco.Framework\Eco.BLA1\SharedFiles /ID:\Downloads\Eco.Framework\Eco.BinaryTree1\SharedFiles /ID:\Downloads\Eco.Framework\Eco.Tree1\SharedFiles /ID:\Downloads\Eco.Framework\Eco.List1\SharedFiles /ID:\Downloads\Eco.Framework\Eco.Stack1\SharedFiles /ID:\Downloads\Eco.Framework\Eco.String1\SharedFiles /ID:\Downloads\Eco.Framework\Eco.Comparator1\SharedFiles /ID:\Downloads\Eco.Framework\Eco.Set2\SharedFiles /ID:\Downloads\Eco.Framework\Eco.Map2\SharedFiles /ID:\Downloads\Eco.Framework\Eco.Data1\SharedFiles /ID:\Downloads\Eco.Framework\Eco.RL1\SharedFiles /ZI /nologo /W3 /WX- /Od /Oy- /D WIN32 /D _DEBUG /D _WINDOWS /D ECO_WINDOWS /D ECO_WIN32 /D ECO_X86_32 /D UGUID_UTILITY /D ECO_LIB /D _UNICODE /D UNICODE /Gm /EHsc /RTC1 /MTd /GS /fp:precise /Zc:wchar_t /Zc:forScope /Fo"EcoIDL1\StaticDebug\\" /Fd"EcoIDL1\StaticDebug\vc100.pdb" /Gz /TC /analyze- /errorReport:prompt ..\..\..\SourceFiles\CEcoIDL1.c ..\..\..\SourceFiles\CEcoIDL1Factory.c ..\..\..\SourceFiles\CEcoIDL1ProjectLayout.c
         CEcoIDL1ProjectLayout.c
         CEcoIDL1Factory.c
         CEcoIDL1.c
         Generating Code...
     1>C:\Program Files (x86)\MSBuild\Microsoft.Cpp\v4.0\Microsoft.CppBuild.targets(1151,5): warning MSB8012: TargetPath(D:\MyProject\FQW\Eco.Toolchain\Eco.Framework\Eco.IDL1\AssemblyFiles\Windows\VS_v100\EcoIDL1\StaticDebug\54F2EF99574346E49122AA7840BB8A88.lib) does not match the Library's OutputFile property value (D:\MyProject\FQW\Eco.Toolchain\Eco.Framework\Eco.IDL1\BuildFiles\Windows\x86\StaticDebug\54F2EF99574346E49122AA7840BB8A88.lib). This may cause your project to build incorrectly. To correct this, please make sure that $(OutDir), $(TargetName) and $(TargetExt) property values match the value specified in %(Lib.OutputFile).
       Lib:
         D:\Program Files (x86)\Microsoft Visual Studio 10.0\VC\bin\Lib.exe /OUT:"..\..\..\BuildFiles\Windows\x86\StaticDebug\54F2EF99574346E49122AA7840BB8A88.lib" /NOLOGO /LTCG EcoIDL1\StaticDebug\CEcoIDL1.obj
         EcoIDL1\StaticDebug\CEcoIDL1Factory.obj
         EcoIDL1\StaticDebug\CEcoIDL1ProjectLayout.obj
         EcoIDL1.vcxproj -> D:\MyProject\FQW\Eco.Toolchain\Eco.Framework\Eco.IDL1\AssemblyFiles\Windows\VS_v100\EcoIDL1\StaticDebug\54F2EF99574346E49122AA7840BB8A88.lib
       FinalizeBuildStatus:
         Deleting file "EcoIDL1\StaticDebug\EcoIDL1.unsuccessfulbuild".
         Touching "EcoIDL1\StaticDebug\EcoIDL1.lastbuildstate".
     1>Done Building Project "D:\MyProject\FQW\Eco.Toolchain\Eco.Framework\Eco.IDL1\AssemblyFiles\Windows\VS_v100\EcoIDL1.vcxproj" (rebuild target(s)).

Build succeeded.

Time Elapsed 00:00:01.64
