2026-05-17 15:55:53,089251 INFO : Start Testing LR Parser Algorithms 
2026-05-17 15:55:53,092266 INFO : --- [ TEST Simplified IDL Grammar LR(1) ] --- 
2026-05-17 15:55:53,093267 INFO : *** GRAMMAR *** 
2026-05-17 15:55:53,093267 INFO : Alphabet : 
2026-05-17 15:55:53,093267 INFO : 0 intf, 
2026-05-17 15:55:53,093267 INFO : 1 interface, 
2026-05-17 15:55:53,093267 INFO : 2 id, 
2026-05-17 15:55:53,093267 INFO : 3 :, 
2026-05-17 15:55:53,094271 INFO : 4 {, 
2026-05-17 15:55:53,094271 INFO : 5 methods, 
2026-05-17 15:55:53,094271 INFO : 6 }, 
2026-05-17 15:55:53,094271 INFO : 7 method, 
2026-05-17 15:55:53,094271 INFO : 8 epsilon, 
2026-05-17 15:55:53,094801 INFO : 9 full_type, 
2026-05-17 15:55:53,094872 INFO : 10 (, 
2026-05-17 15:55:53,096826 INFO : 11 params, 
2026-05-17 15:55:53,096826 INFO : 12 ), 
2026-05-17 15:55:53,096826 INFO : 13 ;, 
2026-05-17 15:55:53,096826 INFO : 14 ,, 
2026-05-17 15:55:53,096826 INFO : 15 param, 
2026-05-17 15:55:53,096826 INFO : 16 [, 
2026-05-17 15:55:53,096826 INFO : 17 attr, 
2026-05-17 15:55:53,096826 INFO : 18 ], 
2026-05-17 15:55:53,096826 INFO : 19 in, 
2026-05-17 15:55:53,096826 INFO : 20 out, 
2026-05-17 15:55:53,096826 INFO : 21 base_type, 
2026-05-17 15:55:53,096826 INFO : 22 *, 
2026-05-17 15:55:53,097825 INFO : 23 int16_t, 
2026-05-17 15:55:53,097825 INFO : 24 char_t, 
2026-05-17 15:55:53,097825 INFO : 25 voidptr_t, 
2026-05-17 15:55:53,097825 INFO : 26 void, 
2026-05-17 15:55:53,097825 INFO : NonTerminal : 
2026-05-17 15:55:53,097825 INFO : 0 intf, 
2026-05-17 15:55:53,097825 INFO : 1 methods, 
2026-05-17 15:55:53,097825 INFO : 2 method, 
2026-05-17 15:55:53,097825 INFO : 3 full_type, 
2026-05-17 15:55:53,097825 INFO : 4 params, 
2026-05-17 15:55:53,097825 INFO : 5 param, 
2026-05-17 15:55:53,097825 INFO : 6 attr, 
2026-05-17 15:55:53,098826 INFO : 7 base_type, 
2026-05-17 15:55:53,098826 INFO : Terminal : 
2026-05-17 15:55:53,098826 INFO : 0 interface, 
2026-05-17 15:55:53,098826 INFO : 1 id, 
2026-05-17 15:55:53,098826 INFO : 2 :, 
2026-05-17 15:55:53,098826 INFO : 3 {, 
2026-05-17 15:55:53,098826 INFO : 4 }, 
2026-05-17 15:55:53,098826 INFO : 5 epsilon, 
2026-05-17 15:55:53,098826 INFO : 6 (, 
2026-05-17 15:55:53,098826 INFO : 7 ), 
2026-05-17 15:55:53,098826 INFO : 8 ;, 
2026-05-17 15:55:53,098826 INFO : 9 ,, 
2026-05-17 15:55:53,099826 INFO : 10 [, 
2026-05-17 15:55:53,099826 INFO : 11 ], 
2026-05-17 15:55:53,099826 INFO : 12 in, 
2026-05-17 15:55:53,099826 INFO : 13 out, 
2026-05-17 15:55:53,099826 INFO : 14 *, 
2026-05-17 15:55:53,099826 INFO : 15 int16_t, 
2026-05-17 15:55:53,099826 INFO : 16 char_t, 
2026-05-17 15:55:53,099826 INFO : 17 voidptr_t, 
2026-05-17 15:55:53,099826 INFO : 18 void, 
2026-05-17 15:55:53,099826 INFO : Rule [0]
intf:
	interface id : id { methods } 
	interface id { methods }  
2026-05-17 15:55:53,100827 INFO : Rule [5]
intf:
	interface id : id { methods } 
	interface id { methods } methods:
	methods method 
	method 
	epsilon  
2026-05-17 15:55:53,100827 INFO : Rule [7]
intf:
	interface id : id { methods } 
	interface id { methods } methods:
	methods method 
	method 
	epsilon method:
	full_type id ( params ) ;  
2026-05-17 15:55:53,100827 INFO : Rule [11]
intf:
	interface id : id { methods } 
	interface id { methods } methods:
	methods method 
	method 
	epsilon method:
	full_type id ( params ) ; params:
	params , param 
	param 
	epsilon  
2026-05-17 15:55:53,100827 INFO : Rule [15]
intf:
	interface id : id { methods } 
	interface id { methods } methods:
	methods method 
	method 
	epsilon method:
	full_type id ( params ) ; params:
	params , param 
	param 
	epsilon param:
	[ attr ] full_type id 
	full_type id  
2026-05-17 15:55:53,100827 INFO : Rule [17]
intf:
	interface id : id { methods } 
	interface id { methods } methods:
	methods method 
	method 
	epsilon method:
	full_type id ( params ) ; params:
	params , param 
	param 
	epsilon param:
	[ attr ] full_type id 
	full_type id attr:
	in 
	out  
2026-05-17 15:55:53,100827 INFO : Rule [9]
intf:
	interface id : id { methods } 
	interface id { methods } methods:
	methods method 
	method 
	epsilon method:
	full_type id ( params ) ; params:
	params , param 
	param 
	epsilon param:
	[ attr ] full_type id 
	full_type id attr:
	in 
	out full_type:
	base_type * * 
	base_type * 
	base_type  
2026-05-17 15:55:53,100827 INFO : Rule [21]
intf:
	interface id : id { methods } 
	interface id { methods } methods:
	methods method 
	method 
	epsilon method:
	full_type id ( params ) ; params:
	params , param 
	param 
	epsilon param:
	[ attr ] full_type id 
	full_type id attr:
	in 
	out full_type:
	base_type * * 
	base_type * 
	base_type base_type:
	int16_t 
	char_t 
	voidptr_t 
	void  
